           :-) GROMACS - gmx mdrun, 2023.3-Ubuntu_2023.3_1ubuntu3 (-:

Copyright 1991-2023 The GROMACS Authors.
GROMACS is free software; you can redistribute it and/or modify it
under the terms of the GNU Lesser General Public License
as published by the Free Software Foundation; either version 2.1
of the License, or (at your option) any later version.

                         Current GROMACS contributors:
       Mark Abraham           Andrey Alekseenko           Cathrine Bergh      
      Christian Blau            Eliane Briand             Mahesh Doijade      
    Stefan Fleischmann           Vytas Gapsys              Gaurav Garg        
      Sergey Gorelov         Gilles Gouaillardet            Alan Gray         
     M. Eric Irrgang         Farzaneh Jalalypour            Joe Jordan        
    Christoph Junghans        Prashanth Kanduri          Sebastian Keller     
     Carsten Kutzner           Justin A. Lemkul          Magnus Lundborg      
       Pascal Merz              Vedran Miletic            Dmitry Morozov      
       Szilard Pall             Roland Schulz             Michael Shirts      
     Alexey Shvetsov            Balint Soproni         David van der Spoel    
      Philip Turner             Carsten Uphoff           Alessandra Villa     
 Sebastian Wingbermuehle        Artem Zhmurov       

                         Previous GROMACS contributors:
        Emile Apol             Rossen Apostolov           James Barnett       
  Herman J.C. Berendsen          Par Bjelkmar           Viacheslav Bolnykh    
        Kevin Boyd            Aldert van Buuren          Carlo Camilloni      
     Rudi van Drunen            Anton Feenstra           Oliver Fleetwood     
     Gerrit Groenhof            Bert de Groot             Anca Hamuraru       
    Vincent Hindriksen          Victor Holanda           Aleksei Iupinov      
   Dimitrios Karkoulis           Peter Kasson             Sebastian Kehl      
        Jiri Kraus               Per Larsson              Viveca Lindahl      
      Erik Marklund           Pieter Meulenhoff           Teemu Murtola       
       Sander Pronk             Alfons Sijbers            Peter Tieleman      
       Jon Vincent             Teemu Virolainen         Christian Wennberg    
       Maarten Wolf       

                  Coordinated by the GROMACS project leaders:
                    Paul Bauer, Berk Hess, and Erik Lindahl

GROMACS:      gmx mdrun, version 2023.3-Ubuntu_2023.3_1ubuntu3
Executable:   /usr/bin/gmx
Data prefix:  /usr
Working dir:  /mnt/d/Computational Projects/Project 2/MD_Project
Process ID:   6691
Command line:
  gmx mdrun -v -s md.tpr -deffnm md

GROMACS version:    2023.3-Ubuntu_2023.3_1ubuntu3
Precision:          mixed
Memory model:       64 bit
MPI library:        thread_mpi
OpenMP support:     enabled (GMX_OPENMP_MAX_THREADS = 128)
GPU support:        disabled
SIMD instructions:  SSE4.1
CPU FFT library:    fftw-3.3.10-sse2-avx
GPU FFT library:    none
Multi-GPU FFT:      none
RDTSCP usage:       enabled
TNG support:        enabled
Hwloc support:      hwloc-2.8.0
Tracing support:    disabled
C compiler:         /usr/bin/cc GNU 13.2.0
C compiler flags:   -fexcess-precision=fast -funroll-all-loops -msse4.1 -Wno-missing-field-initializers -O3 -DNDEBUG
C++ compiler:       /usr/bin/c++ GNU 13.2.0
C++ compiler flags: -fexcess-precision=fast -funroll-all-loops -msse4.1 -Wno-missing-field-initializers -Wno-cast-function-type-strict SHELL:-fopenmp -O3 -DNDEBUG
BLAS library:       External - detected on the system
LAPACK library:     External - detected on the system


Running on 1 node with total 8 cores, 16 processing units
Hardware detected on host Asus:
  CPU info:
    Vendor: AMD
    Brand:  AMD Ryzen 7 4800HS with Radeon Graphics
    Family: 23   Model: 96   Stepping: 1
    Features: aes amd apic avx avx2 clfsh cmov cx8 cx16 f16c fma htt lahf misalignsse mmx msr nonstop_tsc pclmuldq pdpe1gb popcnt pse rdrnd rdtscp sha sse2 sse3 sse4a sse4.1 sse4.2 ssse3
  Hardware topology: Full, with devices
    Packages, cores, and logical processors:
    [indices refer to OS logical processors]
      Package  0: [   0   1] [   2   3] [   4   5] [   6   7] [   8   9] [  10  11] [  12  13] [  14  15]
    CPU limit set by OS: -1   Recommended max number of threads: 16
    Numa nodes:
      Node  0 (8019582976 bytes mem):   0   1   2   3   4   5   6   7   8   9  10  11  12  13  14  15
      Latency:
               0
         0  1.00
    Caches:
      L1: 32768 bytes, linesize 64 bytes, assoc. 8, shared 2 ways
      L2: 524288 bytes, linesize 64 bytes, assoc. 8, shared 2 ways
      L3: 4194304 bytes, linesize 64 bytes, assoc. 16, shared 16 ways
    PCI devices:
      0cc6:00:00.0  Id: 1414:008e  Class: 0x0302  Numa: 0
      335d:00:00.0  Id: 1414:008e  Class: 0x0302  Numa: 0
      5582:00:00.0  Id: 1af4:1043  Class: 0x0100  Numa: 0

Likely fastest SIMD instructions supported by all nodes: AVX2_256
SIMD instructions selected at compile time:              SSE4.1


++++ PLEASE READ AND CITE THE FOLLOWING REFERENCE ++++
M. J. Abraham, T. Murtola, R. Schulz, S. Páll, J. C. Smith, B. Hess, E.
Lindahl
GROMACS: High performance molecular simulations through multi-level
parallelism from laptops to supercomputers
SoftwareX 1 (2015) pp. 19-25
-------- -------- --- Thank You --- -------- --------


++++ PLEASE READ AND CITE THE FOLLOWING REFERENCE ++++
S. Páll, M. J. Abraham, C. Kutzner, B. Hess, E. Lindahl
Tackling Exascale Software Challenges in Molecular Dynamics Simulations with
GROMACS
In S. Markidis & E. Laure (Eds.), Solving Software Challenges for Exascale 8759 (2015) pp. 3-27
-------- -------- --- Thank You --- -------- --------


++++ PLEASE READ AND CITE THE FOLLOWING REFERENCE ++++
S. Pronk, S. Páll, R. Schulz, P. Larsson, P. Bjelkmar, R. Apostolov, M. R.
Shirts, J. C. Smith, P. M. Kasson, D. van der Spoel, B. Hess, and E. Lindahl
GROMACS 4.5: a high-throughput and highly parallel open source molecular
simulation toolkit
Bioinformatics 29 (2013) pp. 845-54
-------- -------- --- Thank You --- -------- --------


++++ PLEASE READ AND CITE THE FOLLOWING REFERENCE ++++
B. Hess and C. Kutzner and D. van der Spoel and E. Lindahl
GROMACS 4: Algorithms for highly efficient, load-balanced, and scalable
molecular simulation
J. Chem. Theory Comput. 4 (2008) pp. 435-447
-------- -------- --- Thank You --- -------- --------


++++ PLEASE READ AND CITE THE FOLLOWING REFERENCE ++++
D. van der Spoel, E. Lindahl, B. Hess, G. Groenhof, A. E. Mark and H. J. C.
Berendsen
GROMACS: Fast, Flexible and Free
J. Comp. Chem. 26 (2005) pp. 1701-1719
-------- -------- --- Thank You --- -------- --------


++++ PLEASE READ AND CITE THE FOLLOWING REFERENCE ++++
E. Lindahl and B. Hess and D. van der Spoel
GROMACS 3.0: A package for molecular simulation and trajectory analysis
J. Mol. Mod. 7 (2001) pp. 306-317
-------- -------- --- Thank You --- -------- --------


++++ PLEASE READ AND CITE THE FOLLOWING REFERENCE ++++
H. J. C. Berendsen, D. van der Spoel and R. van Drunen
GROMACS: A message-passing parallel molecular dynamics implementation
Comp. Phys. Comm. 91 (1995) pp. 43-56
-------- -------- --- Thank You --- -------- --------

Input Parameters:
   integrator                     = md
   tinit                          = 0
   dt                             = 0.001
   nsteps                         = 500000
   init-step                      = 0
   simulation-part                = 1
   mts                            = false
   comm-mode                      = Linear
   nstcomm                        = 100
   bd-fric                        = 0
   ld-seed                        = -277544993
   emtol                          = 10
   emstep                         = 0.01
   niter                          = 20
   fcstep                         = 0
   nstcgsteep                     = 1000
   nbfgscorr                      = 10
   rtpi                           = 0.05
   nstxout                        = 0
   nstvout                        = 0
   nstfout                        = 0
   nstlog                         = 5000
   nstcalcenergy                  = 100
   nstenergy                      = 1000
   nstxout-compressed             = 1000
   compressed-x-precision         = 1000
   cutoff-scheme                  = Verlet
   nstlist                        = 10
   pbc                            = xyz
   periodic-molecules             = false
   verlet-buffer-tolerance        = 0.005
   rlist                          = 1
   coulombtype                    = PME
   coulomb-modifier               = Potential-shift
   rcoulomb-switch                = 0
   rcoulomb                       = 1
   epsilon-r                      = 1
   epsilon-rf                     = inf
   vdw-type                       = Cut-off
   vdw-modifier                   = Potential-shift
   rvdw-switch                    = 0
   rvdw                           = 1
   DispCorr                       = EnerPres
   table-extension                = 1
   fourierspacing                 = 0.12
   fourier-nx                     = 20
   fourier-ny                     = 20
   fourier-nz                     = 20
   pme-order                      = 4
   ewald-rtol                     = 1e-05
   ewald-rtol-lj                  = 0.001
   lj-pme-comb-rule               = Geometric
   ewald-geometry                 = 3d
   epsilon-surface                = 0
   ensemble-temperature-setting   = constant
   ensemble-temperature           = 300
   tcoupl                         = V-rescale
   nsttcouple                     = 20
   nh-chain-length                = 0
   print-nose-hoover-chain-variables = false
   pcoupl                         = Parrinello-Rahman
   pcoupltype                     = Isotropic
   nstpcouple                     = 100
   tau-p                          = 2
   compressibility (3x3):
      compressibility[    0]={ 4.50000e-05,  0.00000e+00,  0.00000e+00}
      compressibility[    1]={ 0.00000e+00,  4.50000e-05,  0.00000e+00}
      compressibility[    2]={ 0.00000e+00,  0.00000e+00,  4.50000e-05}
   ref-p (3x3):
      ref-p[    0]={ 1.00000e+00,  0.00000e+00,  0.00000e+00}
      ref-p[    1]={ 0.00000e+00,  1.00000e+00,  0.00000e+00}
      ref-p[    2]={ 0.00000e+00,  0.00000e+00,  1.00000e+00}
   refcoord-scaling               = No
   posres-com (3):
      posres-com[0]= 0.00000e+00
      posres-com[1]= 0.00000e+00
      posres-com[2]= 0.00000e+00
   posres-comB (3):
      posres-comB[0]= 0.00000e+00
      posres-comB[1]= 0.00000e+00
      posres-comB[2]= 0.00000e+00
   QMMM                           = false
qm-opts:
   ngQM                           = 0
   constraint-algorithm           = Lincs
   continuation                   = true
   Shake-SOR                      = false
   shake-tol                      = 0.0001
   lincs-order                    = 4
   lincs-iter                     = 1
   lincs-warnangle                = 30
   nwall                          = 0
   wall-type                      = 9-3
   wall-r-linpot                  = -1
   wall-atomtype[0]               = -1
   wall-atomtype[1]               = -1
   wall-density[0]                = 0
   wall-density[1]                = 0
   wall-ewald-zfac                = 3
   pull                           = false
   awh                            = false
   rotation                       = false
   interactiveMD                  = false
   disre                          = No
   disre-weighting                = Conservative
   disre-mixed                    = false
   dr-fc                          = 1000
   dr-tau                         = 0
   nstdisreout                    = 100
   orire-fc                       = 0
   orire-tau                      = 0
   nstorireout                    = 100
   free-energy                    = no
   cos-acceleration               = 0
   deform (3x3):
      deform[    0]={ 0.00000e+00,  0.00000e+00,  0.00000e+00}
      deform[    1]={ 0.00000e+00,  0.00000e+00,  0.00000e+00}
      deform[    2]={ 0.00000e+00,  0.00000e+00,  0.00000e+00}
   simulated-tempering            = false
   swapcoords                     = no
   userint1                       = 0
   userint2                       = 0
   userint3                       = 0
   userint4                       = 0
   userreal1                      = 0
   userreal2                      = 0
   userreal3                      = 0
   userreal4                      = 0
   applied-forces:
     electric-field:
       x:
         E0                       = 0
         omega                    = 0
         t0                       = 0
         sigma                    = 0
       y:
         E0                       = 0
         omega                    = 0
         t0                       = 0
         sigma                    = 0
       z:
         E0                       = 0
         omega                    = 0
         t0                       = 0
         sigma                    = 0
     density-guided-simulation:
       active                     = false
       group                      = protein
       similarity-measure         = inner-product
       atom-spreading-weight      = unity
       force-constant             = 1e+09
       gaussian-transform-spreading-width = 0.2
       gaussian-transform-spreading-range-in-multiples-of-width = 4
       reference-density-filename = reference.mrc
       nst                        = 1
       normalize-densities        = true
       adaptive-force-scaling     = false
       adaptive-force-scaling-time-constant = 4
       shift-vector               = 
       transformation-matrix      = 
     qmmm-cp2k:
       active                     = false
       qmgroup                    = System
       qmmethod                   = PBE
       qmfilenames                = 
       qmcharge                   = 0
       qmmultiplicity             = 1
grpopts:
   nrdf:        2505
   ref-t:         300
   tau-t:         0.1
annealing:          No
annealing-npoints:           0
   acc:	           0           0           0
   nfreeze:           N           N           N
   energygrp-flags[  0]: 0

Changing nstlist from 10 to 80, rlist from 1 to 1.097

When checking whether update groups are usable:
  The combination of rlist and box size prohibits the use of update groups

Initializing Domain Decomposition on 1 ranks
Dynamic load balancing: auto
Minimum cell size due to atom displacement: 0.662 nm
Initial maximum distances in bonded interactions:
    two-body bonded interactions: 0.246 nm, Exclusion, atoms 2 4
  multi-body bonded interactions: 0.246 nm, G96Angle, atoms 2 4
Minimum cell size due to bonded interactions: 0.271 nm
Using 0 separate PME ranks because: there are too few total ranks for efficient splitting
Optimizing the DD grid for 1 cells with a minimum initial size of 0.662 nm
The maximum allowed number of cells is: X 3 Y 3 Z 3
Domain decomposition grid 1 x 1 x 1, separate PME ranks 0
PME domain decomposition: 1 x 1 x 1

The initial number of communication pulses is:
The initial domain decomposition cell size is:

The maximum allowed distance for atoms involved in interactions is:
                 non-bonded interactions           1.097 nm
(the following are initial values, they could change due to box deformation)
            two-body bonded interactions  (-rdd)   1.097 nm
          multi-body bonded interactions  (-rdd)   1.097 nm
  atoms separated by up to 5 constraints  (-rcon)  2.334 nm

When dynamic load balancing gets turned on, these settings will change to:
The maximum number of communication pulses is:
The minimum size for domain decomposition cells is 1.097 nm
The requested allowed shrink of DD cells (option -dds) is: 0.80
The allowed shrink of domain decomposition cells is:
The maximum allowed distance for atoms involved in interactions is:
                 non-bonded interactions           1.097 nm
            two-body bonded interactions  (-rdd)   1.097 nm
          multi-body bonded interactions  (-rdd)   1.097 nm
  atoms separated by up to 5 constraints  (-rcon)  1.097 nm

Using 1 MPI thread
Using 16 OpenMP threads 

System total charge: -0.000
Will do PME sum in reciprocal space for electrostatic interactions.

++++ PLEASE READ AND CITE THE FOLLOWING REFERENCE ++++
U. Essmann, L. Perera, M. L. Berkowitz, T. Darden, H. Lee and L. G. Pedersen 
A smooth particle mesh Ewald method
J. Chem. Phys. 103 (1995) pp. 8577-8592
-------- -------- --- Thank You --- -------- --------

Using a Gaussian width (1/beta) of 0.320163 nm for Ewald
Potential shift: LJ r^-12: -1.000e+00 r^-6: -1.000e+00, Ewald -1.000e-05
Initialized non-bonded Coulomb Ewald tables, spacing: 9.33e-04 size: 1073

Generated table with 1048 data points for 1-4 COUL.
Tabscale = 500 points/nm
Generated table with 1048 data points for 1-4 LJ6.
Tabscale = 500 points/nm
Generated table with 1048 data points for 1-4 LJ12.
Tabscale = 500 points/nm
Long Range LJ corr.: <C6> 2.9528e-04


Using SIMD 4x4 nonbonded short-range kernels

Using a dual 4x4 pair-list setup updated with dynamic pruning:
  outer list: updated every 80 steps, buffer 0.097 nm, rlist 1.097 nm
  inner list: updated every 22 steps, buffer 0.002 nm, rlist 1.002 nm
At tolerance 0.005 kJ/mol/ps per atom, equivalent classical 1x1 list would be:
  outer list: updated every 80 steps, buffer 0.213 nm, rlist 1.213 nm
  inner list: updated every 22 steps, buffer 0.045 nm, rlist 1.045 nm

The non-bonded pair calculation algorithm tolerates a few missing pair interactions close to the cut-off. This can lead to a systematic overestimation of the pressure due to missing LJ interactions. The error in the average pressure due to missing LJ interactions is at most 0.28 bar.
The pressure error can be controlled by setting the environment variable GMX_VERLET_BUFFER_PRESSURE_TOLERANCE to the allowed error in units of bar.

Using full Lennard-Jones parameter combination matrix

Linking all bonded interactions to atoms


Pinning threads with an auto-selected logical cpu stride of 1

++++ PLEASE READ AND CITE THE FOLLOWING REFERENCE ++++
S. Miyamoto and P. A. Kollman
SETTLE: An Analytical Version of the SHAKE and RATTLE Algorithms for Rigid
Water Models
J. Comp. Chem. 13 (1992) pp. 952-962
-------- -------- --- Thank You --- -------- --------


++++ PLEASE READ AND CITE THE FOLLOWING REFERENCE ++++
G. Bussi, D. Donadio and M. Parrinello
Canonical sampling through velocity rescaling
J. Chem. Phys. 126 (2007) pp. 014101
-------- -------- --- Thank You --- -------- --------

There are: 1252 Atoms
Atom distribution over 1 domains: av 1252 stddev 0 min 1252 max 1252
Center of mass motion removal mode is Linear
We have the following groups for center of mass motion removal:
  0:  rest

Started mdrun on rank 0 Thu Aug  6 18:43:12 2026

           Step           Time
              0        0.00000

   Energies (kJ/mol)
        G96Bond       G96Angle    Proper Dih.          LJ-14     Coulomb-14
    2.10456e+00    3.25611e+00    1.07002e+00    0.00000e+00    0.00000e+00
        LJ (SR)  Disper. corr.   Coulomb (SR)   Coul. recip.      Potential
    2.87485e+03   -1.52235e+02   -1.99880e+04    1.09307e+02   -1.71496e+04
    Kinetic En.   Total Energy  Conserved En.    Temperature Pres. DC (bar)
    3.15597e+03   -1.39937e+04   -1.39929e+04    3.03055e+02   -1.98980e+02
 Pressure (bar)
   -9.19564e+02

           Step           Time
           5000        5.00000

   Energies (kJ/mol)
        G96Bond       G96Angle    Proper Dih.          LJ-14     Coulomb-14
    2.28448e+00    1.45184e+01    1.68470e+00    0.00000e+00    0.00000e+00
        LJ (SR)  Disper. corr.   Coulomb (SR)   Coul. recip.      Potential
    3.31540e+03   -1.50953e+02   -2.05997e+04    1.08186e+02   -1.73086e+04
    Kinetic En.   Total Energy  Conserved En.    Temperature Pres. DC (bar)
    2.99812e+03   -1.43105e+04   -1.38825e+04    2.87897e+02   -1.95646e+02
 Pressure (bar)
    1.12202e+03

           Step           Time
          10000       10.00000

   Energies (kJ/mol)
        G96Bond       G96Angle    Proper Dih.          LJ-14     Coulomb-14
    9.33937e+00    1.21639e-01    1.43798e-02    0.00000e+00    0.00000e+00
        LJ (SR)  Disper. corr.   Coulomb (SR)   Coul. recip.      Potential
    2.92453e+03   -1.49125e+02   -2.01758e+04    1.23662e+02   -1.72673e+04
    Kinetic En.   Total Energy  Conserved En.    Temperature Pres. DC (bar)
    3.11341e+03   -1.41539e+04   -1.37705e+04    2.98968e+02   -1.90942e+02
 Pressure (bar)
   -6.32585e+02

           Step           Time
          15000       15.00000

   Energies (kJ/mol)
        G96Bond       G96Angle    Proper Dih.          LJ-14     Coulomb-14
    2.21280e+00    2.68015e-01    1.65127e+00    0.00000e+00    0.00000e+00
        LJ (SR)  Disper. corr.   Coulomb (SR)   Coul. recip.      Potential
    3.12026e+03   -1.52177e+02   -2.02129e+04    1.03243e+02   -1.71374e+04
    Kinetic En.   Total Energy  Conserved En.    Temperature Pres. DC (bar)
    3.08229e+03   -1.40552e+04   -1.36836e+04    2.95979e+02   -1.98828e+02
 Pressure (bar)
    9.52365e+02

           Step           Time
          20000       20.00000

   Energies (kJ/mol)
        G96Bond       G96Angle    Proper Dih.          LJ-14     Coulomb-14
    3.30221e+00    7.27030e+00    2.51765e+00    0.00000e+00    0.00000e+00
        LJ (SR)  Disper. corr.   Coulomb (SR)   Coul. recip.      Potential
    3.12864e+03   -1.50650e+02   -2.05954e+04    1.05737e+02   -1.74986e+04
    Kinetic En.   Total Energy  Conserved En.    Temperature Pres. DC (bar)
    3.03315e+03   -1.44654e+04   -1.36758e+04    2.91261e+02   -1.94863e+02
 Pressure (bar)
    4.24419e+01

           Step           Time
          25000       25.00000

   Energies (kJ/mol)
        G96Bond       G96Angle    Proper Dih.          LJ-14     Coulomb-14
    9.77335e+00    1.37747e+00    3.55113e-01    0.00000e+00    0.00000e+00
        LJ (SR)  Disper. corr.   Coulomb (SR)   Coul. recip.      Potential
    3.23979e+03   -1.53263e+02   -2.09232e+04    9.74769e+01   -1.77277e+04
    Kinetic En.   Total Energy  Conserved En.    Temperature Pres. DC (bar)
    3.17906e+03   -1.45487e+04   -1.36559e+04    3.05272e+02   -2.01672e+02
 Pressure (bar)
    2.65273e+02

           Step           Time
          30000       30.00000

   Energies (kJ/mol)
        G96Bond       G96Angle    Proper Dih.          LJ-14     Coulomb-14
    1.26156e+01    8.07437e-01    2.95120e-03    0.00000e+00    0.00000e+00
        LJ (SR)  Disper. corr.   Coulomb (SR)   Coul. recip.      Potential
    3.19654e+03   -1.51138e+02   -2.04789e+04    1.22756e+02   -1.72973e+04
    Kinetic En.   Total Energy  Conserved En.    Temperature Pres. DC (bar)
    3.22439e+03   -1.40729e+04   -1.35284e+04    3.09624e+02   -1.96124e+02
 Pressure (bar)
    4.88706e+02

           Step           Time
          35000       35.00000

   Energies (kJ/mol)
        G96Bond       G96Angle    Proper Dih.          LJ-14     Coulomb-14
    1.29104e+01    1.35798e+00    5.90829e-01    0.00000e+00    0.00000e+00
        LJ (SR)  Disper. corr.   Coulomb (SR)   Coul. recip.      Potential
    2.80452e+03   -1.42963e+02   -1.96911e+04    1.08930e+02   -1.69058e+04
    Kinetic En.   Total Energy  Conserved En.    Temperature Pres. DC (bar)
    3.27454e+03   -1.36312e+04   -1.33548e+04    3.14440e+02   -1.75506e+02
 Pressure (bar)
   -8.36346e+02

           Step           Time
          40000       40.00000

   Energies (kJ/mol)
        G96Bond       G96Angle    Proper Dih.          LJ-14     Coulomb-14
    4.15963e-01    4.95574e+00    4.69925e-01    0.00000e+00    0.00000e+00
        LJ (SR)  Disper. corr.   Coulomb (SR)   Coul. recip.      Potential
    3.06735e+03   -1.46426e+02   -2.04547e+04    1.15076e+02   -1.74128e+04
    Kinetic En.   Total Energy  Conserved En.    Temperature Pres. DC (bar)
    3.10295e+03   -1.43099e+04   -1.33048e+04    2.97963e+02   -1.84101e+02
 Pressure (bar)
   -3.85375e+02

           Step           Time
          45000       45.00000

   Energies (kJ/mol)
        G96Bond       G96Angle    Proper Dih.          LJ-14     Coulomb-14
    7.62738e+00    5.23497e-02    2.42270e-02    0.00000e+00    0.00000e+00
        LJ (SR)  Disper. corr.   Coulomb (SR)   Coul. recip.      Potential
    3.43118e+03   -1.56749e+02   -2.08691e+04    1.06445e+02   -1.74805e+04
    Kinetic En.   Total Energy  Conserved En.    Temperature Pres. DC (bar)
    3.16775e+03   -1.43127e+04   -1.32111e+04    3.04186e+02   -2.10939e+02
 Pressure (bar)
    2.34288e+03

           Step           Time
          50000       50.00000

   Energies (kJ/mol)
        G96Bond       G96Angle    Proper Dih.          LJ-14     Coulomb-14
    2.88218e+00    7.67555e-01    1.21518e+00    0.00000e+00    0.00000e+00
        LJ (SR)  Disper. corr.   Coulomb (SR)   Coul. recip.      Potential
    2.88857e+03   -1.52201e+02   -2.02900e+04    1.18974e+02   -1.74298e+04
    Kinetic En.   Total Energy  Conserved En.    Temperature Pres. DC (bar)
    2.91641e+03   -1.45133e+04   -1.30986e+04    2.80051e+02   -1.98891e+02
 Pressure (bar)
   -7.35964e+02

           Step           Time
          55000       55.00000

   Energies (kJ/mol)
        G96Bond       G96Angle    Proper Dih.          LJ-14     Coulomb-14
    7.31813e+00    2.63815e+00    9.94379e-03    0.00000e+00    0.00000e+00
        LJ (SR)  Disper. corr.   Coulomb (SR)   Coul. recip.      Potential
    3.08823e+03   -1.54865e+02   -2.04579e+04    1.03155e+02   -1.74115e+04
    Kinetic En.   Total Energy  Conserved En.    Temperature Pres. DC (bar)
    3.23547e+03   -1.41760e+04   -1.30627e+04    3.10688e+02   -2.05905e+02
 Pressure (bar)
    5.84515e+02

           Step           Time
          60000       60.00000

   Energies (kJ/mol)
        G96Bond       G96Angle    Proper Dih.          LJ-14     Coulomb-14
    3.17588e+00    1.07192e+00    2.49493e-01    0.00000e+00    0.00000e+00
        LJ (SR)  Disper. corr.   Coulomb (SR)   Coul. recip.      Potential
    2.84741e+03   -1.50383e+02   -1.99373e+04    1.07286e+02   -1.71285e+04
    Kinetic En.   Total Energy  Conserved En.    Temperature Pres. DC (bar)
    3.13451e+03   -1.39940e+04   -1.30199e+04    3.00994e+02   -1.94174e+02
 Pressure (bar)
   -4.14984e+02

           Step           Time
          65000       65.00000

   Energies (kJ/mol)
        G96Bond       G96Angle    Proper Dih.          LJ-14     Coulomb-14
    2.23308e+00    5.65834e-01    5.67439e-01    0.00000e+00    0.00000e+00
        LJ (SR)  Disper. corr.   Coulomb (SR)   Coul. recip.      Potential
    3.08543e+03   -1.52653e+02   -2.04898e+04    1.11737e+02   -1.74419e+04
    Kinetic En.   Total Energy  Conserved En.    Temperature Pres. DC (bar)
    3.19259e+03   -1.42493e+04   -1.29978e+04    3.06571e+02   -2.00071e+02
 Pressure (bar)
    1.98194e+02

           Step           Time
          70000       70.00000

   Energies (kJ/mol)
        G96Bond       G96Angle    Proper Dih.          LJ-14     Coulomb-14
    3.15725e+00    1.83643e+00    2.51874e+00    0.00000e+00    0.00000e+00
        LJ (SR)  Disper. corr.   Coulomb (SR)   Coul. recip.      Potential
    2.95394e+03   -1.44728e+02   -2.01502e+04    9.24921e+01   -1.72410e+04
    Kinetic En.   Total Energy  Conserved En.    Temperature Pres. DC (bar)
    3.02478e+03   -1.42162e+04   -1.29862e+04    2.90457e+02   -1.79862e+02
 Pressure (bar)
   -8.61942e+02

           Step           Time
          75000       75.00000

   Energies (kJ/mol)
        G96Bond       G96Angle    Proper Dih.          LJ-14     Coulomb-14
    5.88828e+00    5.91488e-01    1.98878e+00    0.00000e+00    0.00000e+00
        LJ (SR)  Disper. corr.   Coulomb (SR)   Coul. recip.      Potential
    3.13848e+03   -1.51951e+02   -2.04435e+04    1.05458e+02   -1.73431e+04
    Kinetic En.   Total Energy  Conserved En.    Temperature Pres. DC (bar)
    3.13141e+03   -1.42117e+04   -1.29772e+04    3.00696e+02   -1.98239e+02
 Pressure (bar)
    3.77694e+02

           Step           Time
          80000       80.00000

   Energies (kJ/mol)
        G96Bond       G96Angle    Proper Dih.          LJ-14     Coulomb-14
    5.35875e+00    3.16895e+00    4.17171e-02    0.00000e+00    0.00000e+00
        LJ (SR)  Disper. corr.   Coulomb (SR)   Coul. recip.      Potential
    2.80387e+03   -1.45778e+02   -2.01725e+04    1.00695e+02   -1.74052e+04
    Kinetic En.   Total Energy  Conserved En.    Temperature Pres. DC (bar)
    3.18551e+03   -1.42197e+04   -1.29269e+04    3.05891e+02   -1.82478e+02
 Pressure (bar)
   -1.47292e+03

           Step           Time
          85000       85.00000

   Energies (kJ/mol)
        G96Bond       G96Angle    Proper Dih.          LJ-14     Coulomb-14
    3.24153e+00    1.90060e+00    1.63067e-01    0.00000e+00    0.00000e+00
        LJ (SR)  Disper. corr.   Coulomb (SR)   Coul. recip.      Potential
    3.01862e+03   -1.47762e+02   -2.03252e+04    1.14712e+02   -1.73343e+04
    Kinetic En.   Total Energy  Conserved En.    Temperature Pres. DC (bar)
    3.08709e+03   -1.42472e+04   -1.29324e+04    2.96440e+02   -1.87471e+02
 Pressure (bar)
   -5.30754e+02

           Step           Time
          90000       90.00000

   Energies (kJ/mol)
        G96Bond       G96Angle    Proper Dih.          LJ-14     Coulomb-14
    3.30294e-01    5.15942e-01    3.25615e-02    0.00000e+00    0.00000e+00
        LJ (SR)  Disper. corr.   Coulomb (SR)   Coul. recip.      Potential
    2.93780e+03   -1.49595e+02   -2.03149e+04    1.04381e+02   -1.74214e+04
    Kinetic En.   Total Energy  Conserved En.    Temperature Pres. DC (bar)
    3.11864e+03   -1.43028e+04   -1.29110e+04    2.99470e+02   -1.92146e+02
 Pressure (bar)
   -6.22759e+02

           Step           Time
          95000       95.00000

   Energies (kJ/mol)
        G96Bond       G96Angle    Proper Dih.          LJ-14     Coulomb-14
    2.35042e+00    4.57351e+00    1.46241e+00    0.00000e+00    0.00000e+00
        LJ (SR)  Disper. corr.   Coulomb (SR)   Coul. recip.      Potential
    2.71723e+03   -1.48019e+02   -1.99848e+04    1.01806e+02   -1.73054e+04
    Kinetic En.   Total Energy  Conserved En.    Temperature Pres. DC (bar)
    3.11439e+03   -1.41910e+04   -1.28618e+04    2.99062e+02   -1.88124e+02
 Pressure (bar)
   -1.65558e+03

           Step           Time
         100000      100.00000

   Energies (kJ/mol)
        G96Bond       G96Angle    Proper Dih.          LJ-14     Coulomb-14
    5.05949e+00    1.16300e+01    2.71619e-01    0.00000e+00    0.00000e+00
        LJ (SR)  Disper. corr.   Coulomb (SR)   Coul. recip.      Potential
    2.87415e+03   -1.49678e+02   -2.01853e+04    9.67467e+01   -1.73471e+04
    Kinetic En.   Total Energy  Conserved En.    Temperature Pres. DC (bar)
    3.07331e+03   -1.42738e+04   -1.28610e+04    2.95117e+02   -1.92360e+02
 Pressure (bar)
   -7.25078e+02

           Step           Time
         105000      105.00000

   Energies (kJ/mol)
        G96Bond       G96Angle    Proper Dih.          LJ-14     Coulomb-14
    5.92668e+00    1.35634e+00    1.57792e-01    0.00000e+00    0.00000e+00
        LJ (SR)  Disper. corr.   Coulomb (SR)   Coul. recip.      Potential
    3.02044e+03   -1.57005e+02   -2.02071e+04    1.07055e+02   -1.72292e+04
    Kinetic En.   Total Energy  Conserved En.    Temperature Pres. DC (bar)
    3.07875e+03   -1.41504e+04   -1.28650e+04    2.95640e+02   -2.11630e+02
 Pressure (bar)
    8.74414e+02

           Step           Time
         110000      110.00000

   Energies (kJ/mol)
        G96Bond       G96Angle    Proper Dih.          LJ-14     Coulomb-14
    3.24472e+00    3.45937e+00    5.00595e-01    0.00000e+00    0.00000e+00
        LJ (SR)  Disper. corr.   Coulomb (SR)   Coul. recip.      Potential
    3.09043e+03   -1.51881e+02   -2.06449e+04    1.06044e+02   -1.75931e+04
    Kinetic En.   Total Energy  Conserved En.    Temperature Pres. DC (bar)
    3.26726e+03   -1.43258e+04   -1.27481e+04    3.13741e+02   -1.98056e+02
 Pressure (bar)
   -1.73161e+02

           Step           Time
         115000      115.00000

   Energies (kJ/mol)
        G96Bond       G96Angle    Proper Dih.          LJ-14     Coulomb-14
    3.71178e+00    1.71105e-01    1.03976e+00    0.00000e+00    0.00000e+00
        LJ (SR)  Disper. corr.   Coulomb (SR)   Coul. recip.      Potential
    2.82257e+03   -1.44442e+02   -1.99292e+04    9.70561e+01   -1.71491e+04
    Kinetic En.   Total Energy  Conserved En.    Temperature Pres. DC (bar)
    3.11986e+03   -1.40293e+04   -1.24142e+04    2.99587e+02   -1.79153e+02
 Pressure (bar)
   -1.25525e+03

           Step           Time
         120000      120.00000

   Energies (kJ/mol)
        G96Bond       G96Angle    Proper Dih.          LJ-14     Coulomb-14
    1.01696e+01    4.66262e-01    3.01361e-01    0.00000e+00    0.00000e+00
        LJ (SR)  Disper. corr.   Coulomb (SR)   Coul. recip.      Potential
    3.16416e+03   -1.51190e+02   -2.06751e+04    1.04680e+02   -1.75465e+04
    Kinetic En.   Total Energy  Conserved En.    Temperature Pres. DC (bar)
    3.19989e+03   -1.43466e+04   -1.22822e+04    3.07272e+02   -1.96261e+02
 Pressure (bar)
    1.30399e+02

           Step           Time
         125000      125.00000

   Energies (kJ/mol)
        G96Bond       G96Angle    Proper Dih.          LJ-14     Coulomb-14
    3.25210e+00    1.15291e+00    1.92663e+00    0.00000e+00    0.00000e+00
        LJ (SR)  Disper. corr.   Coulomb (SR)   Coul. recip.      Potential
    2.99202e+03   -1.51621e+02   -2.04600e+04    9.73805e+01   -1.75158e+04
    Kinetic En.   Total Energy  Conserved En.    Temperature Pres. DC (bar)
    2.98836e+03   -1.45275e+04   -1.22420e+04    2.86960e+02   -1.97380e+02
 Pressure (bar)
   -3.92379e+02

           Step           Time
         130000      130.00000

   Energies (kJ/mol)
        G96Bond       G96Angle    Proper Dih.          LJ-14     Coulomb-14
    2.40348e+00    4.11825e-01    2.51965e+00    0.00000e+00    0.00000e+00
        LJ (SR)  Disper. corr.   Coulomb (SR)   Coul. recip.      Potential
    2.94827e+03   -1.43944e+02   -2.00739e+04    1.17180e+02   -1.71470e+04
    Kinetic En.   Total Energy  Conserved En.    Temperature Pres. DC (bar)
    3.19026e+03   -1.39568e+04   -1.22053e+04    3.06347e+02   -1.77920e+02
 Pressure (bar)
   -4.68384e+02

           Step           Time
         135000      135.00000

   Energies (kJ/mol)
        G96Bond       G96Angle    Proper Dih.          LJ-14     Coulomb-14
    4.39167e+00    2.31755e-01    3.49726e-01    0.00000e+00    0.00000e+00
        LJ (SR)  Disper. corr.   Coulomb (SR)   Coul. recip.      Potential
    2.86946e+03   -1.48883e+02   -2.02639e+04    9.88166e+01   -1.74396e+04
    Kinetic En.   Total Energy  Conserved En.    Temperature Pres. DC (bar)
    3.07895e+03   -1.43606e+04   -1.21696e+04    2.95659e+02   -1.90323e+02
 Pressure (bar)
   -1.24705e+03

           Step           Time
         140000      140.00000

   Energies (kJ/mol)
        G96Bond       G96Angle    Proper Dih.          LJ-14     Coulomb-14
    6.66170e+00    4.64436e-01    4.26647e-01    0.00000e+00    0.00000e+00
        LJ (SR)  Disper. corr.   Coulomb (SR)   Coul. recip.      Potential
    3.17958e+03   -1.51996e+02   -2.06914e+04    1.05873e+02   -1.75504e+04
    Kinetic En.   Total Energy  Conserved En.    Temperature Pres. DC (bar)
    3.11596e+03   -1.44344e+04   -1.21648e+04    2.99213e+02   -1.98357e+02
 Pressure (bar)
    5.11605e+02

           Step           Time
         145000      145.00000

   Energies (kJ/mol)
        G96Bond       G96Angle    Proper Dih.          LJ-14     Coulomb-14
    6.30609e+00    1.15993e+00    1.74633e+00    0.00000e+00    0.00000e+00
        LJ (SR)  Disper. corr.   Coulomb (SR)   Coul. recip.      Potential
    3.07540e+03   -1.48544e+02   -2.03769e+04    1.04644e+02   -1.73362e+04
    Kinetic En.   Total Energy  Conserved En.    Temperature Pres. DC (bar)
    3.04910e+03   -1.42871e+04   -1.21542e+04    2.92793e+02   -1.89459e+02
 Pressure (bar)
   -4.42434e+02

           Step           Time
         150000      150.00000

   Energies (kJ/mol)
        G96Bond       G96Angle    Proper Dih.          LJ-14     Coulomb-14
    6.19391e-02    9.17020e-01    1.15444e+00    0.00000e+00    0.00000e+00
        LJ (SR)  Disper. corr.   Coulomb (SR)   Coul. recip.      Potential
    3.00760e+03   -1.56245e+02   -2.03330e+04    1.13208e+02   -1.73663e+04
    Kinetic En.   Total Energy  Conserved En.    Temperature Pres. DC (bar)
    3.16313e+03   -1.42032e+04   -1.21139e+04    3.03742e+02   -2.09586e+02
 Pressure (bar)
    5.45331e+02

           Step           Time
         155000      155.00000

   Energies (kJ/mol)
        G96Bond       G96Angle    Proper Dih.          LJ-14     Coulomb-14
    1.54799e+00    1.00859e+01    2.28479e+00    0.00000e+00    0.00000e+00
        LJ (SR)  Disper. corr.   Coulomb (SR)   Coul. recip.      Potential
    3.46203e+03   -1.55955e+02   -2.11120e+04    1.14893e+02   -1.76771e+04
    Kinetic En.   Total Energy  Conserved En.    Temperature Pres. DC (bar)
    3.17764e+03   -1.44995e+04   -1.19669e+04    3.05135e+02   -2.08809e+02
 Pressure (bar)
    1.94905e+03

           Step           Time
         160000      160.00000

   Energies (kJ/mol)
        G96Bond       G96Angle    Proper Dih.          LJ-14     Coulomb-14
    6.99064e+00    1.03891e-01    2.18689e+00    0.00000e+00    0.00000e+00
        LJ (SR)  Disper. corr.   Coulomb (SR)   Coul. recip.      Potential
    3.09875e+03   -1.50998e+02   -2.04646e+04    1.11820e+02   -1.73958e+04
    Kinetic En.   Total Energy  Conserved En.    Temperature Pres. DC (bar)
    3.19699e+03   -1.41988e+04   -1.19289e+04    3.06993e+02   -1.95762e+02
 Pressure (bar)
   -6.22192e+01

           Step           Time
         165000      165.00000

   Energies (kJ/mol)
        G96Bond       G96Angle    Proper Dih.          LJ-14     Coulomb-14
    8.22589e+00    3.35022e+00    8.84177e-01    0.00000e+00    0.00000e+00
        LJ (SR)  Disper. corr.   Coulomb (SR)   Coul. recip.      Potential
    3.04783e+03   -1.49944e+02   -2.03934e+04    9.53594e+01   -1.73877e+04
    Kinetic En.   Total Energy  Conserved En.    Temperature Pres. DC (bar)
    3.07417e+03   -1.43135e+04   -1.18853e+04    2.95200e+02   -1.93044e+02
 Pressure (bar)
   -7.26368e+01

           Step           Time
         170000      170.00000

   Energies (kJ/mol)
        G96Bond       G96Angle    Proper Dih.          LJ-14     Coulomb-14
    7.95731e+00    2.90397e+00    3.45910e-01    0.00000e+00    0.00000e+00
        LJ (SR)  Disper. corr.   Coulomb (SR)   Coul. recip.      Potential
    3.20816e+03   -1.47958e+02   -2.04087e+04    9.27162e+01   -1.72446e+04
    Kinetic En.   Total Energy  Conserved En.    Temperature Pres. DC (bar)
    3.09409e+03   -1.41505e+04   -1.18203e+04    2.97113e+02   -1.87970e+02
 Pressure (bar)
    7.87138e+02

           Step           Time
         175000      175.00000

   Energies (kJ/mol)
        G96Bond       G96Angle    Proper Dih.          LJ-14     Coulomb-14
    5.65783e+00    6.18958e-01    7.45821e-02    0.00000e+00    0.00000e+00
        LJ (SR)  Disper. corr.   Coulomb (SR)   Coul. recip.      Potential
    2.91140e+03   -1.50471e+02   -2.02796e+04    1.04097e+02   -1.74082e+04
    Kinetic En.   Total Energy  Conserved En.    Temperature Pres. DC (bar)
    3.14497e+03   -1.42632e+04   -1.17618e+04    3.01998e+02   -1.94401e+02
 Pressure (bar)
   -7.10030e+02

           Step           Time
         180000      180.00000

   Energies (kJ/mol)
        G96Bond       G96Angle    Proper Dih.          LJ-14     Coulomb-14
    1.51832e+00    3.74583e-01    1.75934e+00    0.00000e+00    0.00000e+00
        LJ (SR)  Disper. corr.   Coulomb (SR)   Coul. recip.      Potential
    2.66447e+03   -1.48724e+02   -1.98858e+04    1.15260e+02   -1.72511e+04
    Kinetic En.   Total Energy  Conserved En.    Temperature Pres. DC (bar)
    3.22715e+03   -1.40239e+04   -1.17033e+04    3.09890e+02   -1.89918e+02
 Pressure (bar)
   -1.68125e+03

           Step           Time
         185000      185.00000

   Energies (kJ/mol)
        G96Bond       G96Angle    Proper Dih.          LJ-14     Coulomb-14
    2.99142e+00    6.52871e-01    8.51198e-01    0.00000e+00    0.00000e+00
        LJ (SR)  Disper. corr.   Coulomb (SR)   Coul. recip.      Potential
    3.13155e+03   -1.49130e+02   -2.03347e+04    9.70826e+01   -1.72507e+04
    Kinetic En.   Total Energy  Conserved En.    Temperature Pres. DC (bar)
    3.26111e+03   -1.39896e+04   -1.16215e+04    3.13151e+02   -1.90954e+02
 Pressure (bar)
    3.76068e+02

           Step           Time
         190000      190.00000

   Energies (kJ/mol)
        G96Bond       G96Angle    Proper Dih.          LJ-14     Coulomb-14
    1.18930e+01    3.70479e-01    3.76629e-01    0.00000e+00    0.00000e+00
        LJ (SR)  Disper. corr.   Coulomb (SR)   Coul. recip.      Potential
    3.15966e+03   -1.50633e+02   -2.03214e+04    1.13865e+02   -1.71859e+04
    Kinetic En.   Total Energy  Conserved En.    Temperature Pres. DC (bar)
    3.14060e+03   -1.40453e+04   -1.16003e+04    3.01579e+02   -1.94818e+02
 Pressure (bar)
    5.46273e+02

           Step           Time
         195000      195.00000

   Energies (kJ/mol)
        G96Bond       G96Angle    Proper Dih.          LJ-14     Coulomb-14
    1.51659e+01    1.36172e+00    4.69043e-01    0.00000e+00    0.00000e+00
        LJ (SR)  Disper. corr.   Coulomb (SR)   Coul. recip.      Potential
    3.10737e+03   -1.52319e+02   -2.03391e+04    9.91575e+01   -1.72679e+04
    Kinetic En.   Total Energy  Conserved En.    Temperature Pres. DC (bar)
    3.26995e+03   -1.39980e+04   -1.16075e+04    3.14000e+02   -1.99200e+02
 Pressure (bar)
    5.91998e+02

           Step           Time
         200000      200.00000

   Energies (kJ/mol)
        G96Bond       G96Angle    Proper Dih.          LJ-14     Coulomb-14
    7.65352e+00    4.74238e+00    5.49761e-01    0.00000e+00    0.00000e+00
        LJ (SR)  Disper. corr.   Coulomb (SR)   Coul. recip.      Potential
    3.01768e+03   -1.54554e+02   -2.04836e+04    8.56766e+01   -1.75219e+04
    Kinetic En.   Total Energy  Conserved En.    Temperature Pres. DC (bar)
    3.10664e+03   -1.44153e+04   -1.15273e+04    2.98318e+02   -2.05081e+02
 Pressure (bar)
   -1.13021e+02

           Step           Time
         205000      205.00000

   Energies (kJ/mol)
        G96Bond       G96Angle    Proper Dih.          LJ-14     Coulomb-14
    5.68978e+00    1.50458e+00    2.51674e+00    0.00000e+00    0.00000e+00
        LJ (SR)  Disper. corr.   Coulomb (SR)   Coul. recip.      Potential
    2.93531e+03   -1.50445e+02   -2.00226e+04    8.42858e+01   -1.71437e+04
    Kinetic En.   Total Energy  Conserved En.    Temperature Pres. DC (bar)
    3.32633e+03   -1.38174e+04   -1.13364e+04    3.19413e+02   -1.94333e+02
 Pressure (bar)
   -1.76496e+02

           Step           Time
         210000      210.00000

   Energies (kJ/mol)
        G96Bond       G96Angle    Proper Dih.          LJ-14     Coulomb-14
    5.79286e-01    7.78111e-01    7.95195e-02    0.00000e+00    0.00000e+00
        LJ (SR)  Disper. corr.   Coulomb (SR)   Coul. recip.      Potential
    2.93846e+03   -1.50267e+02   -2.00308e+04    1.07107e+02   -1.71340e+04
    Kinetic En.   Total Energy  Conserved En.    Temperature Pres. DC (bar)
    3.02306e+03   -1.41110e+04   -1.13260e+04    2.90292e+02   -1.93874e+02
 Pressure (bar)
   -1.37714e+02

           Step           Time
         215000      215.00000

   Energies (kJ/mol)
        G96Bond       G96Angle    Proper Dih.          LJ-14     Coulomb-14
    6.63757e+00    1.74467e+00    1.00202e-01    0.00000e+00    0.00000e+00
        LJ (SR)  Disper. corr.   Coulomb (SR)   Coul. recip.      Potential
    3.08068e+03   -1.53839e+02   -2.02940e+04    8.08868e+01   -1.72778e+04
    Kinetic En.   Total Energy  Conserved En.    Temperature Pres. DC (bar)
    3.00728e+03   -1.42705e+04   -1.12908e+04    2.88777e+02   -2.03190e+02
 Pressure (bar)
    9.61086e+02

           Step           Time
         220000      220.00000

   Energies (kJ/mol)
        G96Bond       G96Angle    Proper Dih.          LJ-14     Coulomb-14
    2.84675e+00    9.65750e-01    3.71032e-01    0.00000e+00    0.00000e+00
        LJ (SR)  Disper. corr.   Coulomb (SR)   Coul. recip.      Potential
    3.23100e+03   -1.53804e+02   -2.06005e+04    9.85371e+01   -1.74206e+04
    Kinetic En.   Total Energy  Conserved En.    Temperature Pres. DC (bar)
    3.18168e+03   -1.42389e+04   -1.12854e+04    3.05524e+02   -2.03097e+02
 Pressure (bar)
    7.12007e+02

           Step           Time
         225000      225.00000

   Energies (kJ/mol)
        G96Bond       G96Angle    Proper Dih.          LJ-14     Coulomb-14
    7.18312e+00    2.25406e-01    8.48488e-02    0.00000e+00    0.00000e+00
        LJ (SR)  Disper. corr.   Coulomb (SR)   Coul. recip.      Potential
    3.29546e+03   -1.52431e+02   -2.07840e+04    1.13376e+02   -1.75201e+04
    Kinetic En.   Total Energy  Conserved En.    Temperature Pres. DC (bar)
    3.01861e+03   -1.45015e+04   -1.12320e+04    2.89864e+02   -1.99492e+02
 Pressure (bar)
    9.66317e+02

           Step           Time
         230000      230.00000

   Energies (kJ/mol)
        G96Bond       G96Angle    Proper Dih.          LJ-14     Coulomb-14
    7.61315e+00    4.16403e+00    1.97446e-01    0.00000e+00    0.00000e+00
        LJ (SR)  Disper. corr.   Coulomb (SR)   Coul. recip.      Potential
    3.33999e+03   -1.54858e+02   -2.07958e+04    1.06373e+02   -1.74923e+04
    Kinetic En.   Total Energy  Conserved En.    Temperature Pres. DC (bar)
    3.11621e+03   -1.43761e+04   -1.11644e+04    2.99237e+02   -2.05886e+02
 Pressure (bar)
    1.21078e+03

           Step           Time
         235000      235.00000

   Energies (kJ/mol)
        G96Bond       G96Angle    Proper Dih.          LJ-14     Coulomb-14
    7.42062e+00    6.68244e-01    5.17870e-01    0.00000e+00    0.00000e+00
        LJ (SR)  Disper. corr.   Coulomb (SR)   Coul. recip.      Potential
    3.01440e+03   -1.50921e+02   -2.03965e+04    1.06943e+02   -1.74175e+04
    Kinetic En.   Total Energy  Conserved En.    Temperature Pres. DC (bar)
    3.02040e+03   -1.43971e+04   -1.11321e+04    2.90037e+02   -1.95563e+02
 Pressure (bar)
   -3.80593e+02

           Step           Time
         240000      240.00000

   Energies (kJ/mol)
        G96Bond       G96Angle    Proper Dih.          LJ-14     Coulomb-14
    3.94998e+00    5.99750e-01    5.52574e-01    0.00000e+00    0.00000e+00
        LJ (SR)  Disper. corr.   Coulomb (SR)   Coul. recip.      Potential
    3.21040e+03   -1.52167e+02   -2.05647e+04    1.05446e+02   -1.73959e+04
    Kinetic En.   Total Energy  Conserved En.    Temperature Pres. DC (bar)
    3.08802e+03   -1.43079e+04   -1.11347e+04    2.96530e+02   -1.98801e+02
 Pressure (bar)
    7.81200e+02

           Step           Time
         245000      245.00000

   Energies (kJ/mol)
        G96Bond       G96Angle    Proper Dih.          LJ-14     Coulomb-14
    1.08496e+01    2.06172e-01    4.60704e-01    0.00000e+00    0.00000e+00
        LJ (SR)  Disper. corr.   Coulomb (SR)   Coul. recip.      Potential
    3.20272e+03   -1.52230e+02   -2.07110e+04    1.01872e+02   -1.75471e+04
    Kinetic En.   Total Energy  Conserved En.    Temperature Pres. DC (bar)
    3.05344e+03   -1.44936e+04   -1.11021e+04    2.93209e+02   -1.98965e+02
 Pressure (bar)
    4.95745e+02

           Step           Time
         250000      250.00000

   Energies (kJ/mol)
        G96Bond       G96Angle    Proper Dih.          LJ-14     Coulomb-14
    9.52374e+00    1.75161e+00    2.50119e+00    0.00000e+00    0.00000e+00
        LJ (SR)  Disper. corr.   Coulomb (SR)   Coul. recip.      Potential
    2.94309e+03   -1.52995e+02   -2.03558e+04    1.11001e+02   -1.74409e+04
    Kinetic En.   Total Energy  Conserved En.    Temperature Pres. DC (bar)
    3.06621e+03   -1.43747e+04   -1.10774e+04    2.94435e+02   -2.00968e+02
 Pressure (bar)
   -5.16898e+02

           Step           Time
         255000      255.00000

   Energies (kJ/mol)
        G96Bond       G96Angle    Proper Dih.          LJ-14     Coulomb-14
    3.23091e+00    3.56508e-01    8.06342e-02    0.00000e+00    0.00000e+00
        LJ (SR)  Disper. corr.   Coulomb (SR)   Coul. recip.      Potential
    2.77143e+03   -1.48996e+02   -2.00559e+04    1.04594e+02   -1.73252e+04
    Kinetic En.   Total Energy  Conserved En.    Temperature Pres. DC (bar)
    3.07879e+03   -1.42464e+04   -1.10106e+04    2.95643e+02   -1.90613e+02
 Pressure (bar)
   -1.39015e+03

           Step           Time
         260000      260.00000

   Energies (kJ/mol)
        G96Bond       G96Angle    Proper Dih.          LJ-14     Coulomb-14
    9.46763e-01    3.19175e+00    5.25416e-01    0.00000e+00    0.00000e+00
        LJ (SR)  Disper. corr.   Coulomb (SR)   Coul. recip.      Potential
    2.90681e+03   -1.51109e+02   -2.01445e+04    1.18824e+02   -1.72653e+04
    Kinetic En.   Total Energy  Conserved En.    Temperature Pres. DC (bar)
    2.98195e+03   -1.42833e+04   -1.09765e+04    2.86344e+02   -1.96050e+02
 Pressure (bar)
   -3.62015e+02

           Step           Time
         265000      265.00000

   Energies (kJ/mol)
        G96Bond       G96Angle    Proper Dih.          LJ-14     Coulomb-14
    5.62562e+00    4.11386e-02    7.89155e-03    0.00000e+00    0.00000e+00
        LJ (SR)  Disper. corr.   Coulomb (SR)   Coul. recip.      Potential
    3.05015e+03   -1.48699e+02   -2.02944e+04    9.73380e+01   -1.72899e+04
    Kinetic En.   Total Energy  Conserved En.    Temperature Pres. DC (bar)
    3.04874e+03   -1.42411e+04   -1.09245e+04    2.92758e+02   -1.89853e+02
 Pressure (bar)
   -2.78979e+02

           Step           Time
         270000      270.00000

   Energies (kJ/mol)
        G96Bond       G96Angle    Proper Dih.          LJ-14     Coulomb-14
    8.99503e-01    8.37366e-01    1.47147e-01    0.00000e+00    0.00000e+00
        LJ (SR)  Disper. corr.   Coulomb (SR)   Coul. recip.      Potential
    2.88927e+03   -1.50257e+02   -2.00665e+04    9.76633e+01   -1.72279e+04
    Kinetic En.   Total Energy  Conserved En.    Temperature Pres. DC (bar)
    3.04131e+03   -1.41866e+04   -1.08898e+04    2.92044e+02   -1.93849e+02
 Pressure (bar)
   -5.23579e+02

           Step           Time
         275000      275.00000

   Energies (kJ/mol)
        G96Bond       G96Angle    Proper Dih.          LJ-14     Coulomb-14
    2.21574e+01    3.26375e-02    6.25570e-01    0.00000e+00    0.00000e+00
        LJ (SR)  Disper. corr.   Coulomb (SR)   Coul. recip.      Potential
    3.02569e+03   -1.47727e+02   -2.00198e+04    1.13001e+02   -1.70061e+04
    Kinetic En.   Total Energy  Conserved En.    Temperature Pres. DC (bar)
    3.09945e+03   -1.39066e+04   -1.07412e+04    2.97627e+02   -1.87382e+02
 Pressure (bar)
   -5.46083e+01

           Step           Time
         280000      280.00000

   Energies (kJ/mol)
        G96Bond       G96Angle    Proper Dih.          LJ-14     Coulomb-14
    2.80337e+00    4.37833e+00    8.20847e-01    0.00000e+00    0.00000e+00
        LJ (SR)  Disper. corr.   Coulomb (SR)   Coul. recip.      Potential
    2.99075e+03   -1.52156e+02   -2.05500e+04    1.02308e+02   -1.76011e+04
    Kinetic En.   Total Energy  Conserved En.    Temperature Pres. DC (bar)
    3.13416e+03   -1.44669e+04   -1.07149e+04    3.00961e+02   -1.98772e+02
 Pressure (bar)
   -6.29256e+02

           Step           Time
         285000      285.00000

   Energies (kJ/mol)
        G96Bond       G96Angle    Proper Dih.          LJ-14     Coulomb-14
    4.05130e+00    5.16849e+00    4.49542e-01    0.00000e+00    0.00000e+00
        LJ (SR)  Disper. corr.   Coulomb (SR)   Coul. recip.      Potential
    3.25971e+03   -1.50013e+02   -2.09891e+04    8.55756e+01   -1.77842e+04
    Kinetic En.   Total Energy  Conserved En.    Temperature Pres. DC (bar)
    3.06422e+03   -1.47200e+04   -1.06939e+04    2.94244e+02   -1.93219e+02
 Pressure (bar)
   -3.28382e+01

           Step           Time
         290000      290.00000

   Energies (kJ/mol)
        G96Bond       G96Angle    Proper Dih.          LJ-14     Coulomb-14
    3.84201e+00    2.32270e+00    1.13964e+00    0.00000e+00    0.00000e+00
        LJ (SR)  Disper. corr.   Coulomb (SR)   Coul. recip.      Potential
    3.30056e+03   -1.52663e+02   -2.07807e+04    1.09548e+02   -1.75159e+04
    Kinetic En.   Total Energy  Conserved En.    Temperature Pres. DC (bar)
    3.17700e+03   -1.43389e+04   -1.06845e+04    3.05074e+02   -2.00100e+02
 Pressure (bar)
    1.10769e+03

           Step           Time
         295000      295.00000

   Energies (kJ/mol)
        G96Bond       G96Angle    Proper Dih.          LJ-14     Coulomb-14
    1.38198e+01    6.70886e+00    6.13110e-01    0.00000e+00    0.00000e+00
        LJ (SR)  Disper. corr.   Coulomb (SR)   Coul. recip.      Potential
    3.13644e+03   -1.52395e+02   -2.06384e+04    9.02965e+01   -1.75429e+04
    Kinetic En.   Total Energy  Conserved En.    Temperature Pres. DC (bar)
    3.20728e+03   -1.43356e+04   -1.06726e+04    3.07981e+02   -1.99397e+02
 Pressure (bar)
   -1.32282e+02

           Step           Time
         300000      300.00000

   Energies (kJ/mol)
        G96Bond       G96Angle    Proper Dih.          LJ-14     Coulomb-14
    1.42550e+00    1.84848e+00    9.19998e-03    0.00000e+00    0.00000e+00
        LJ (SR)  Disper. corr.   Coulomb (SR)   Coul. recip.      Potential
    3.20468e+03   -1.54672e+02   -2.06477e+04    1.01746e+02   -1.74926e+04
    Kinetic En.   Total Energy  Conserved En.    Temperature Pres. DC (bar)
    3.06230e+03   -1.44303e+04   -1.05851e+04    2.94060e+02   -2.05394e+02
 Pressure (bar)
    9.21964e+02

           Step           Time
         305000      305.00000

   Energies (kJ/mol)
        G96Bond       G96Angle    Proper Dih.          LJ-14     Coulomb-14
    1.96169e+00    1.38996e+00    1.96929e-01    0.00000e+00    0.00000e+00
        LJ (SR)  Disper. corr.   Coulomb (SR)   Coul. recip.      Potential
    3.01916e+03   -1.50456e+02   -2.04060e+04    8.30126e+01   -1.74508e+04
    Kinetic En.   Total Energy  Conserved En.    Temperature Pres. DC (bar)
    3.04155e+03   -1.44092e+04   -1.05447e+04    2.92067e+02   -1.94361e+02
 Pressure (bar)
   -3.00497e+02

           Step           Time
         310000      310.00000

   Energies (kJ/mol)
        G96Bond       G96Angle    Proper Dih.          LJ-14     Coulomb-14
    4.07103e+00    1.90452e+00    2.01490e-01    0.00000e+00    0.00000e+00
        LJ (SR)  Disper. corr.   Coulomb (SR)   Coul. recip.      Potential
    3.14380e+03   -1.52683e+02   -2.09072e+04    9.67338e+01   -1.78132e+04
    Kinetic En.   Total Energy  Conserved En.    Temperature Pres. DC (bar)
    2.98695e+03   -1.48262e+04   -1.04388e+04    2.86824e+02   -2.00149e+02
 Pressure (bar)
   -8.21914e+01

           Step           Time
         315000      315.00000

   Energies (kJ/mol)
        G96Bond       G96Angle    Proper Dih.          LJ-14     Coulomb-14
    2.25597e+00    2.91162e+00    5.03335e-01    0.00000e+00    0.00000e+00
        LJ (SR)  Disper. corr.   Coulomb (SR)   Coul. recip.      Potential
    3.44193e+03   -1.48407e+02   -2.07829e+04    1.22377e+02   -1.73614e+04
    Kinetic En.   Total Energy  Conserved En.    Temperature Pres. DC (bar)
    3.07777e+03   -1.42836e+04   -1.03868e+04    2.95545e+02   -1.89111e+02
 Pressure (bar)
    1.42423e+03

           Step           Time
         320000      320.00000

   Energies (kJ/mol)
        G96Bond       G96Angle    Proper Dih.          LJ-14     Coulomb-14
    9.27999e+00    5.79199e+00    2.04856e+00    0.00000e+00    0.00000e+00
        LJ (SR)  Disper. corr.   Coulomb (SR)   Coul. recip.      Potential
    3.19562e+03   -1.52884e+02   -2.04502e+04    1.02789e+02   -1.72876e+04
    Kinetic En.   Total Energy  Conserved En.    Temperature Pres. DC (bar)
    3.10928e+03   -1.41783e+04   -1.01493e+04    2.98571e+02   -2.00678e+02
 Pressure (bar)
    8.57999e+02

           Step           Time
         325000      325.00000

   Energies (kJ/mol)
        G96Bond       G96Angle    Proper Dih.          LJ-14     Coulomb-14
    6.26428e+00    2.66850e-01    6.68782e-01    0.00000e+00    0.00000e+00
        LJ (SR)  Disper. corr.   Coulomb (SR)   Coul. recip.      Potential
    3.08410e+03   -1.50501e+02   -2.03026e+04    1.02994e+02   -1.72588e+04
    Kinetic En.   Total Energy  Conserved En.    Temperature Pres. DC (bar)
    3.09602e+03   -1.41628e+04   -1.00836e+04    2.97298e+02   -1.94476e+02
 Pressure (bar)
    3.63749e+02

           Step           Time
         330000      330.00000

   Energies (kJ/mol)
        G96Bond       G96Angle    Proper Dih.          LJ-14     Coulomb-14
    7.94397e-01    4.66735e+00    1.15790e+00    0.00000e+00    0.00000e+00
        LJ (SR)  Disper. corr.   Coulomb (SR)   Coul. recip.      Potential
    2.87977e+03   -1.48165e+02   -2.01932e+04    1.02295e+02   -1.73527e+04
    Kinetic En.   Total Energy  Conserved En.    Temperature Pres. DC (bar)
    3.21422e+03   -1.41385e+04   -1.00519e+04    3.08648e+02   -1.88494e+02
 Pressure (bar)
   -9.05329e+02

           Step           Time
         335000      335.00000

   Energies (kJ/mol)
        G96Bond       G96Angle    Proper Dih.          LJ-14     Coulomb-14
    1.02328e+00    2.62845e+00    1.39087e+00    0.00000e+00    0.00000e+00
        LJ (SR)  Disper. corr.   Coulomb (SR)   Coul. recip.      Potential
    2.92903e+03   -1.47543e+02   -2.03924e+04    1.00823e+02   -1.75051e+04
    Kinetic En.   Total Energy  Conserved En.    Temperature Pres. DC (bar)
    3.02240e+03   -1.44827e+04   -9.90437e+03    2.90229e+02   -1.86917e+02
 Pressure (bar)
   -1.17727e+03

           Step           Time
         340000      340.00000

   Energies (kJ/mol)
        G96Bond       G96Angle    Proper Dih.          LJ-14     Coulomb-14
    9.18242e+00    2.78158e+00    1.99668e-01    0.00000e+00    0.00000e+00
        LJ (SR)  Disper. corr.   Coulomb (SR)   Coul. recip.      Potential
    3.12279e+03   -1.50306e+02   -2.04234e+04    1.12293e+02   -1.73265e+04
    Kinetic En.   Total Energy  Conserved En.    Temperature Pres. DC (bar)
    3.27979e+03   -1.40467e+04   -9.83432e+03    3.14944e+02   -1.93974e+02
 Pressure (bar)
    2.62968e+02

           Step           Time
         345000      345.00000

   Energies (kJ/mol)
        G96Bond       G96Angle    Proper Dih.          LJ-14     Coulomb-14
    8.06018e-01    1.03257e+00    5.31306e-02    0.00000e+00    0.00000e+00
        LJ (SR)  Disper. corr.   Coulomb (SR)   Coul. recip.      Potential
    2.85318e+03   -1.56213e+02   -2.00726e+04    1.01600e+02   -1.72722e+04
    Kinetic En.   Total Energy  Conserved En.    Temperature Pres. DC (bar)
    3.18873e+03   -1.40834e+04   -9.79464e+03    3.06200e+02   -2.09500e+02
 Pressure (bar)
   -1.26464e+02

           Step           Time
         350000      350.00000

   Energies (kJ/mol)
        G96Bond       G96Angle    Proper Dih.          LJ-14     Coulomb-14
    7.60381e+00    5.97021e-01    2.93330e-01    0.00000e+00    0.00000e+00
        LJ (SR)  Disper. corr.   Coulomb (SR)   Coul. recip.      Potential
    2.97382e+03   -1.52766e+02   -2.03539e+04    1.01061e+02   -1.74233e+04
    Kinetic En.   Total Energy  Conserved En.    Temperature Pres. DC (bar)
    3.11863e+03   -1.43046e+04   -9.75668e+03    2.99469e+02   -2.00367e+02
 Pressure (bar)
   -3.24304e+02

           Step           Time
         355000      355.00000

   Energies (kJ/mol)
        G96Bond       G96Angle    Proper Dih.          LJ-14     Coulomb-14
    1.57526e+00    7.84776e-01    1.50585e+00    0.00000e+00    0.00000e+00
        LJ (SR)  Disper. corr.   Coulomb (SR)   Coul. recip.      Potential
    3.02166e+03   -1.49442e+02   -2.03305e+04    1.04338e+02   -1.73500e+04
    Kinetic En.   Total Energy  Conserved En.    Temperature Pres. DC (bar)
    3.13259e+03   -1.42174e+04   -9.71783e+03    3.00809e+02   -1.91753e+02
 Pressure (bar)
   -2.30776e+02

           Step           Time
         360000      360.00000

   Energies (kJ/mol)
        G96Bond       G96Angle    Proper Dih.          LJ-14     Coulomb-14
    9.51955e+00    1.22779e+00    6.09329e-01    0.00000e+00    0.00000e+00
        LJ (SR)  Disper. corr.   Coulomb (SR)   Coul. recip.      Potential
    2.98807e+03   -1.46442e+02   -2.01851e+04    9.34537e+01   -1.72387e+04
    Kinetic En.   Total Energy  Conserved En.    Temperature Pres. DC (bar)
    3.16159e+03   -1.40771e+04   -9.67498e+03    3.03594e+02   -1.84142e+02
 Pressure (bar)
   -6.22815e+02

           Step           Time
         365000      365.00000

   Energies (kJ/mol)
        G96Bond       G96Angle    Proper Dih.          LJ-14     Coulomb-14
    2.80567e+00    1.91888e+00    8.68464e-01    0.00000e+00    0.00000e+00
        LJ (SR)  Disper. corr.   Coulomb (SR)   Coul. recip.      Potential
    3.12039e+03   -1.50394e+02   -2.06066e+04    1.02343e+02   -1.75287e+04
    Kinetic En.   Total Energy  Conserved En.    Temperature Pres. DC (bar)
    3.20942e+03   -1.43193e+04   -9.58288e+03    3.08188e+02   -1.94201e+02
 Pressure (bar)
   -2.76530e-01

           Step           Time
         370000      370.00000

   Energies (kJ/mol)
        G96Bond       G96Angle    Proper Dih.          LJ-14     Coulomb-14
    8.16230e+00    3.08349e+00    9.08576e-02    0.00000e+00    0.00000e+00
        LJ (SR)  Disper. corr.   Coulomb (SR)   Coul. recip.      Potential
    3.40144e+03   -1.57063e+02   -2.09205e+04    8.86751e+01   -1.75761e+04
    Kinetic En.   Total Energy  Conserved En.    Temperature Pres. DC (bar)
    2.97316e+03   -1.46029e+04   -9.46408e+03    2.85500e+02   -2.11783e+02
 Pressure (bar)
    1.49242e+03

           Step           Time
         375000      375.00000

   Energies (kJ/mol)
        G96Bond       G96Angle    Proper Dih.          LJ-14     Coulomb-14
    7.84551e+00    6.53994e-01    1.52810e-02    0.00000e+00    0.00000e+00
        LJ (SR)  Disper. corr.   Coulomb (SR)   Coul. recip.      Potential
    2.85409e+03   -1.49912e+02   -2.02282e+04    9.57795e+01   -1.74197e+04
    Kinetic En.   Total Energy  Conserved En.    Temperature Pres. DC (bar)
    2.95898e+03   -1.44607e+04   -9.40944e+03    2.84139e+02   -1.92960e+02
 Pressure (bar)
   -1.11944e+03

           Step           Time
         380000      380.00000

   Energies (kJ/mol)
        G96Bond       G96Angle    Proper Dih.          LJ-14     Coulomb-14
    7.79563e-01    2.07153e+00    3.84622e-02    0.00000e+00    0.00000e+00
        LJ (SR)  Disper. corr.   Coulomb (SR)   Coul. recip.      Potential
    3.16100e+03   -1.51731e+02   -2.04484e+04    1.06100e+02   -1.73301e+04
    Kinetic En.   Total Energy  Conserved En.    Temperature Pres. DC (bar)
    2.97150e+03   -1.43586e+04   -9.37143e+03    2.85341e+02   -1.97667e+02
 Pressure (bar)
    6.66628e+02

           Step           Time
         385000      385.00000

   Energies (kJ/mol)
        G96Bond       G96Angle    Proper Dih.          LJ-14     Coulomb-14
    1.13373e+00    6.99085e-01    4.29377e-02    0.00000e+00    0.00000e+00
        LJ (SR)  Disper. corr.   Coulomb (SR)   Coul. recip.      Potential
    3.10943e+03   -1.53165e+02   -2.04047e+04    1.08076e+02   -1.73385e+04
    Kinetic En.   Total Energy  Conserved En.    Temperature Pres. DC (bar)
    3.08539e+03   -1.42531e+04   -9.32341e+03    2.96278e+02   -2.01415e+02
 Pressure (bar)
    3.73281e+02

           Step           Time
         390000      390.00000

   Energies (kJ/mol)
        G96Bond       G96Angle    Proper Dih.          LJ-14     Coulomb-14
    4.76750e+00    2.01200e+01    6.89382e-01    0.00000e+00    0.00000e+00
        LJ (SR)  Disper. corr.   Coulomb (SR)   Coul. recip.      Potential
    3.10684e+03   -1.53426e+02   -2.05135e+04    1.09004e+02   -1.74255e+04
    Kinetic En.   Total Energy  Conserved En.    Temperature Pres. DC (bar)
    3.08709e+03   -1.43384e+04   -9.31499e+03    2.96440e+02   -2.02101e+02
 Pressure (bar)
    4.11244e+02

           Step           Time
         395000      395.00000

   Energies (kJ/mol)
        G96Bond       G96Angle    Proper Dih.          LJ-14     Coulomb-14
    1.98499e+00    1.71568e+00    2.92897e-06    0.00000e+00    0.00000e+00
        LJ (SR)  Disper. corr.   Coulomb (SR)   Coul. recip.      Potential
    3.02719e+03   -1.48559e+02   -2.02631e+04    1.14847e+02   -1.72659e+04
    Kinetic En.   Total Energy  Conserved En.    Temperature Pres. DC (bar)
    3.27580e+03   -1.39901e+04   -9.29250e+03    3.14561e+02   -1.89497e+02
 Pressure (bar)
   -2.21536e+02

           Step           Time
         400000      400.00000

   Energies (kJ/mol)
        G96Bond       G96Angle    Proper Dih.          LJ-14     Coulomb-14
    6.71359e+00    1.13348e+00    2.59417e-02    0.00000e+00    0.00000e+00
        LJ (SR)  Disper. corr.   Coulomb (SR)   Coul. recip.      Potential
    3.06730e+03   -1.49342e+02   -2.03947e+04    1.09594e+02   -1.73593e+04
    Kinetic En.   Total Energy  Conserved En.    Temperature Pres. DC (bar)
    3.10748e+03   -1.42518e+04   -9.28701e+03    2.98398e+02   -1.91497e+02
 Pressure (bar)
   -1.22769e+02

           Step           Time
         405000      405.00000

   Energies (kJ/mol)
        G96Bond       G96Angle    Proper Dih.          LJ-14     Coulomb-14
    3.16538e+00    8.70154e-01    3.84267e-01    0.00000e+00    0.00000e+00
        LJ (SR)  Disper. corr.   Coulomb (SR)   Coul. recip.      Potential
    2.92657e+03   -1.50117e+02   -2.03022e+04    1.08909e+02   -1.74124e+04
    Kinetic En.   Total Energy  Conserved En.    Temperature Pres. DC (bar)
    3.23771e+03   -1.41747e+04   -9.22155e+03    3.10904e+02   -1.93486e+02
 Pressure (bar)
   -7.16516e+02

           Step           Time
         410000      410.00000

   Energies (kJ/mol)
        G96Bond       G96Angle    Proper Dih.          LJ-14     Coulomb-14
    2.20041e+00    6.42320e-01    7.82914e-03    0.00000e+00    0.00000e+00
        LJ (SR)  Disper. corr.   Coulomb (SR)   Coul. recip.      Potential
    3.16361e+03   -1.51421e+02   -2.06064e+04    1.07655e+02   -1.74837e+04
    Kinetic En.   Total Energy  Conserved En.    Temperature Pres. DC (bar)
    3.22143e+03   -1.42623e+04   -9.18006e+03    3.09341e+02   -1.96860e+02
 Pressure (bar)
    3.55387e+02

           Step           Time
         415000      415.00000

   Energies (kJ/mol)
        G96Bond       G96Angle    Proper Dih.          LJ-14     Coulomb-14
    7.17999e+00    5.85631e+00    1.05326e+00    0.00000e+00    0.00000e+00
        LJ (SR)  Disper. corr.   Coulomb (SR)   Coul. recip.      Potential
    2.74297e+03   -1.46582e+02   -1.97115e+04    1.16445e+02   -1.69846e+04
    Kinetic En.   Total Energy  Conserved En.    Temperature Pres. DC (bar)
    3.10714e+03   -1.38775e+04   -9.17314e+03    2.98366e+02   -1.84493e+02
 Pressure (bar)
   -1.21370e+03

           Step           Time
         420000      420.00000

   Energies (kJ/mol)
        G96Bond       G96Angle    Proper Dih.          LJ-14     Coulomb-14
    3.16007e+00    1.32886e+00    1.39262e+00    0.00000e+00    0.00000e+00
        LJ (SR)  Disper. corr.   Coulomb (SR)   Coul. recip.      Potential
    3.20181e+03   -1.53101e+02   -2.08116e+04    1.17714e+02   -1.76393e+04
    Kinetic En.   Total Energy  Conserved En.    Temperature Pres. DC (bar)
    3.10288e+03   -1.45364e+04   -9.14939e+03    2.97956e+02   -2.01247e+02
 Pressure (bar)
    4.78915e+02

           Step           Time
         425000      425.00000

   Energies (kJ/mol)
        G96Bond       G96Angle    Proper Dih.          LJ-14     Coulomb-14
    1.87449e+00    1.75107e-01    9.65842e-01    0.00000e+00    0.00000e+00
        LJ (SR)  Disper. corr.   Coulomb (SR)   Coul. recip.      Potential
    2.94996e+03   -1.51626e+02   -2.03943e+04    1.04925e+02   -1.74881e+04
    Kinetic En.   Total Energy  Conserved En.    Temperature Pres. DC (bar)
    3.33307e+03   -1.41550e+04   -9.09694e+03    3.20060e+02   -1.97393e+02
 Pressure (bar)
   -4.12061e+02

           Step           Time
         430000      430.00000

   Energies (kJ/mol)
        G96Bond       G96Angle    Proper Dih.          LJ-14     Coulomb-14
    8.08065e+00    2.33966e-01    7.91348e-04    0.00000e+00    0.00000e+00
        LJ (SR)  Disper. corr.   Coulomb (SR)   Coul. recip.      Potential
    3.38617e+03   -1.50828e+02   -2.07537e+04    8.96352e+01   -1.74204e+04
    Kinetic En.   Total Energy  Conserved En.    Temperature Pres. DC (bar)
    3.24303e+03   -1.41774e+04   -9.02213e+03    3.11414e+02   -1.95323e+02
 Pressure (bar)
    1.42336e+03

           Step           Time
         435000      435.00000

   Energies (kJ/mol)
        G96Bond       G96Angle    Proper Dih.          LJ-14     Coulomb-14
    3.00991e+00    7.95039e+00    3.13576e-01    0.00000e+00    0.00000e+00
        LJ (SR)  Disper. corr.   Coulomb (SR)   Coul. recip.      Potential
    3.18707e+03   -1.50433e+02   -2.03278e+04    1.10267e+02   -1.71696e+04
    Kinetic En.   Total Energy  Conserved En.    Temperature Pres. DC (bar)
    3.01269e+03   -1.41569e+04   -8.90188e+03    2.89296e+02   -1.94302e+02
 Pressure (bar)
    7.11898e+02

           Step           Time
         440000      440.00000

   Energies (kJ/mol)
        G96Bond       G96Angle    Proper Dih.          LJ-14     Coulomb-14
    5.67987e+00    3.97640e+00    2.30163e+00    0.00000e+00    0.00000e+00
        LJ (SR)  Disper. corr.   Coulomb (SR)   Coul. recip.      Potential
    3.08475e+03   -1.53296e+02   -2.05788e+04    9.57400e+01   -1.75397e+04
    Kinetic En.   Total Energy  Conserved En.    Temperature Pres. DC (bar)
    3.19570e+03   -1.43440e+04   -8.83260e+03    3.06870e+02   -2.01759e+02
 Pressure (bar)
    2.92365e+02

           Step           Time
         445000      445.00000

   Energies (kJ/mol)
        G96Bond       G96Angle    Proper Dih.          LJ-14     Coulomb-14
    8.94030e+00    1.47517e-01    5.12880e-01    0.00000e+00    0.00000e+00
        LJ (SR)  Disper. corr.   Coulomb (SR)   Coul. recip.      Potential
    2.96551e+03   -1.49784e+02   -2.02376e+04    9.32207e+01   -1.73190e+04
    Kinetic En.   Total Energy  Conserved En.    Temperature Pres. DC (bar)
    3.18735e+03   -1.41317e+04   -8.81462e+03    3.06068e+02   -1.92631e+02
 Pressure (bar)
   -4.20634e+02

           Step           Time
         450000      450.00000

   Energies (kJ/mol)
        G96Bond       G96Angle    Proper Dih.          LJ-14     Coulomb-14
    4.46378e+00    3.57217e+00    2.51306e+00    0.00000e+00    0.00000e+00
        LJ (SR)  Disper. corr.   Coulomb (SR)   Coul. recip.      Potential
    2.89500e+03   -1.44606e+02   -2.00792e+04    1.03011e+02   -1.72152e+04
    Kinetic En.   Total Energy  Conserved En.    Temperature Pres. DC (bar)
    3.01696e+03   -1.41982e+04   -8.74843e+03    2.89707e+02   -1.79559e+02
 Pressure (bar)
   -9.63226e+02

           Step           Time
         455000      455.00000

   Energies (kJ/mol)
        G96Bond       G96Angle    Proper Dih.          LJ-14     Coulomb-14
    2.30396e+00    3.81018e+00    3.34551e-01    0.00000e+00    0.00000e+00
        LJ (SR)  Disper. corr.   Coulomb (SR)   Coul. recip.      Potential
    3.15705e+03   -1.53371e+02   -2.03294e+04    1.11607e+02   -1.72077e+04
    Kinetic En.   Total Energy  Conserved En.    Temperature Pres. DC (bar)
    3.20824e+03   -1.39994e+04   -8.67095e+03    3.08074e+02   -2.01957e+02
 Pressure (bar)
    9.49470e+02

           Step           Time
         460000      460.00000

   Energies (kJ/mol)
        G96Bond       G96Angle    Proper Dih.          LJ-14     Coulomb-14
    1.28296e+01    5.92923e+00    2.22307e-01    0.00000e+00    0.00000e+00
        LJ (SR)  Disper. corr.   Coulomb (SR)   Coul. recip.      Potential
    2.86656e+03   -1.45828e+02   -2.00492e+04    1.11604e+02   -1.71979e+04
    Kinetic En.   Total Energy  Conserved En.    Temperature Pres. DC (bar)
    3.27705e+03   -1.39208e+04   -8.65873e+03    3.14681e+02   -1.82603e+02
 Pressure (bar)
   -9.29506e+02

           Step           Time
         465000      465.00000

   Energies (kJ/mol)
        G96Bond       G96Angle    Proper Dih.          LJ-14     Coulomb-14
    6.74756e+00    4.28411e-01    7.10260e-02    0.00000e+00    0.00000e+00
        LJ (SR)  Disper. corr.   Coulomb (SR)   Coul. recip.      Potential
    2.93896e+03   -1.51992e+02   -2.04723e+04    9.43470e+01   -1.75838e+04
    Kinetic En.   Total Energy  Conserved En.    Temperature Pres. DC (bar)
    3.27559e+03   -1.43082e+04   -8.63409e+03    3.14541e+02   -1.98345e+02
 Pressure (bar)
   -6.81000e+02

           Step           Time
         470000      470.00000

   Energies (kJ/mol)
        G96Bond       G96Angle    Proper Dih.          LJ-14     Coulomb-14
    2.05602e+01    1.13325e+00    2.48917e+00    0.00000e+00    0.00000e+00
        LJ (SR)  Disper. corr.   Coulomb (SR)   Coul. recip.      Potential
    2.99603e+03   -1.50423e+02   -2.03675e+04    1.15519e+02   -1.73822e+04
    Kinetic En.   Total Energy  Conserved En.    Temperature Pres. DC (bar)
    3.14036e+03   -1.42419e+04   -8.60263e+03    3.01555e+02   -1.94277e+02
 Pressure (bar)
   -1.46203e+02

           Step           Time
         475000      475.00000

   Energies (kJ/mol)
        G96Bond       G96Angle    Proper Dih.          LJ-14     Coulomb-14
    2.85203e+00    1.26735e+01    4.56667e-02    0.00000e+00    0.00000e+00
        LJ (SR)  Disper. corr.   Coulomb (SR)   Coul. recip.      Potential
    2.98579e+03   -1.53420e+02   -2.05069e+04    9.25140e+01   -1.75664e+04
    Kinetic En.   Total Energy  Conserved En.    Temperature Pres. DC (bar)
    3.20977e+03   -1.43567e+04   -8.58519e+03    3.08221e+02   -2.02086e+02
 Pressure (bar)
   -3.26300e+02

           Step           Time
         480000      480.00000

   Energies (kJ/mol)
        G96Bond       G96Angle    Proper Dih.          LJ-14     Coulomb-14
    4.44549e+00    1.89332e+00    2.44832e+00    0.00000e+00    0.00000e+00
        LJ (SR)  Disper. corr.   Coulomb (SR)   Coul. recip.      Potential
    3.18410e+03   -1.51831e+02   -2.05946e+04    1.08774e+02   -1.74448e+04
    Kinetic En.   Total Energy  Conserved En.    Temperature Pres. DC (bar)
    3.02996e+03   -1.44148e+04   -8.54991e+03    2.90954e+02   -1.97925e+02
 Pressure (bar)
    4.10305e+02

           Step           Time
         485000      485.00000

   Energies (kJ/mol)
        G96Bond       G96Angle    Proper Dih.          LJ-14     Coulomb-14
    4.40388e+00    2.10263e+00    7.57036e-01    0.00000e+00    0.00000e+00
        LJ (SR)  Disper. corr.   Coulomb (SR)   Coul. recip.      Potential
    3.23922e+03   -1.48712e+02   -2.05757e+04    9.31159e+01   -1.73848e+04
    Kinetic En.   Total Energy  Conserved En.    Temperature Pres. DC (bar)
    3.22610e+03   -1.41587e+04   -8.43749e+03    3.09789e+02   -1.89887e+02
 Pressure (bar)
    6.35939e+02

           Step           Time
         490000      490.00000

   Energies (kJ/mol)
        G96Bond       G96Angle    Proper Dih.          LJ-14     Coulomb-14
    2.35792e+00    1.08581e-01    2.50931e+00    0.00000e+00    0.00000e+00
        LJ (SR)  Disper. corr.   Coulomb (SR)   Coul. recip.      Potential
    3.20107e+03   -1.57329e+02   -2.05821e+04    9.38395e+01   -1.74396e+04
    Kinetic En.   Total Energy  Conserved En.    Temperature Pres. DC (bar)
    3.09203e+03   -1.43475e+04   -8.42300e+03    2.96915e+02   -2.12501e+02
 Pressure (bar)
    1.15390e+03

           Step           Time
         495000      495.00000

   Energies (kJ/mol)
        G96Bond       G96Angle    Proper Dih.          LJ-14     Coulomb-14
    1.23218e+01    3.58589e+00    2.50473e+00    0.00000e+00    0.00000e+00
        LJ (SR)  Disper. corr.   Coulomb (SR)   Coul. recip.      Potential
    3.17172e+03   -1.52768e+02   -2.06049e+04    9.38269e+01   -1.74738e+04
    Kinetic En.   Total Energy  Conserved En.    Temperature Pres. DC (bar)
    3.12228e+03   -1.43515e+04   -8.35987e+03    2.99819e+02   -2.00374e+02
 Pressure (bar)
    7.60241e+02

           Step           Time
         500000      500.00000

Writing checkpoint, step 500000 at Thu Aug  6 18:47:34 2026


   Energies (kJ/mol)
        G96Bond       G96Angle    Proper Dih.          LJ-14     Coulomb-14
    3.89386e+00    1.93722e+00    9.90180e-02    0.00000e+00    0.00000e+00
        LJ (SR)  Disper. corr.   Coulomb (SR)   Coul. recip.      Potential
    3.23797e+03   -1.47245e+02   -2.03686e+04    1.15779e+02   -1.71562e+04
    Kinetic En.   Total Energy  Conserved En.    Temperature Pres. DC (bar)
    3.06932e+03   -1.40868e+04   -8.35920e+03    2.94734e+02   -1.86165e+02
 Pressure (bar)
    7.65982e+02


Energy conservation over simulation part #1 of length 500 ps, time 0 to 500 ps
  Conserved energy drift: 9.00e-03 kJ/mol/ps per atom


	<======  ###############  ==>
	<====  A V E R A G E S  ====>
	<==  ###############  ======>

	Statistics over 500001 steps using 5001 frames

   Energies (kJ/mol)
        G96Bond       G96Angle    Proper Dih.          LJ-14     Coulomb-14
    5.17529e+00    2.64692e+00    8.60827e-01    0.00000e+00    0.00000e+00
        LJ (SR)  Disper. corr.   Coulomb (SR)   Coul. recip.      Potential
    3.04775e+03   -1.50756e+02   -2.03588e+04    1.03790e+02   -1.73494e+04
    Kinetic En.   Total Energy  Conserved En.    Temperature Pres. DC (bar)
    3.12574e+03   -1.42236e+04   -1.09911e+04    3.00152e+02   -1.95225e+02
 Pressure (bar)
    4.54721e+00

          Box-X          Box-Y          Box-Z
    2.34216e+00    2.34216e+00    2.34216e+00

   Total Virial (kJ/mol)
    1.03886e+03    1.34399e-01    3.77296e+00
    1.36604e-01    1.05064e+03   -5.07839e+00
    3.77508e+00   -5.08566e+00    1.04309e+03

   Pressure (bar)
    1.86870e+01    8.87758e-01   -1.16260e+01
    8.82208e-01   -1.04458e+01    1.36827e+01
   -1.16317e+01    1.37013e+01    5.40044e+00


	M E G A - F L O P S   A C C O U N T I N G

 NB=Group-cutoff nonbonded kernels    NxN=N-by-N cluster Verlet kernels
 RF=Reaction-Field  VdW=Van der Waals  QSTab=quadratic-spline table
 W3=SPC/TIP3p  W4=TIP4p (single or pairs)
 V&F=Potential and force  V=Potential only  F=Force only

 Computing:                               M-Number         M-Flops  % Flops
-----------------------------------------------------------------------------
 Pair Search distance check            2544.921808       22904.296     0.2
 NxN QSTab Elec. + LJ [F]            155727.331896     6384820.608    48.8
 NxN QSTab Elec. + LJ [V&F]            1573.412664       92831.347     0.7
 NxN LJ [F]                              19.257616         635.501     0.0
 NxN LJ [V&F]                             0.204784           8.806     0.0
 NxN QSTab Elec. [F]                 152688.540888     5191410.390    39.7
 NxN QSTab Elec. [V&F]                 1542.647032       63248.528     0.5
 1,4 nonbonded interactions               0.500001          45.000     0.0
 Calc Weights                          1878.003756       67608.135     0.5
 Spread Q Bspline                     40064.080128       80128.160     0.6
 Gather F Bspline                     40064.080128      240384.481     1.8
 3D-FFT                              103726.207452      829809.660     6.3
 Solve PME                              200.000400       12800.026     0.1
 Reset In Box                             7.825000          23.475     0.0
 CG-CoM                                   7.826252          23.479     0.0
 Bonds                                    1.500003          88.500     0.0
 Angles                                   1.000002         168.000     0.0
 Propers                                  0.500001         114.500     0.0
 Virial                                   6.486297         116.753     0.0
 Stop-CM                                  6.261252          62.613     0.0
 Calc-Ekin                               62.602504        1690.268     0.0
 Constraint-V                           624.001248        5616.011     0.0
 Constraint-Vir                           6.241248         149.790     0.0
 Settle                                 208.000416       76960.154     0.6
-----------------------------------------------------------------------------
 Total                                                13071648.481   100.0
-----------------------------------------------------------------------------


    D O M A I N   D E C O M P O S I T I O N   S T A T I S T I C S

 av. #atoms communicated per step for force:  2 x 0.0
 av. #atoms communicated per step for LINCS:  2 x 0.0


      R E A L   C Y C L E   A N D   T I M E   A C C O U N T I N G

On 1 MPI rank, each using 16 OpenMP threads

 Activity:              Num   Num      Call    Wall time         Giga-Cycles
                        Ranks Threads  Count      (s)         total sum    %
--------------------------------------------------------------------------------
 Domain decomp.            1   16       6250       1.362         63.075   0.5
 Neighbor search           1   16       6251       1.905         88.242   0.7
 Force                     1   16     500001     106.344       4925.079  40.6
 PME mesh                  1   16     500001      87.112       4034.374  33.3
 NB X/F buffer ops.        1   16     993751      37.056       1716.177  14.2
 Write traj.               1   16        501       0.420         19.447   0.2
 Update                    1   16     500001      14.061        651.220   5.4
 Constraints               1   16     500001       8.578        397.286   3.3
 Rest                                              4.823        223.353   1.8
--------------------------------------------------------------------------------
 Total                                           261.662      12118.253 100.0
--------------------------------------------------------------------------------
 Breakdown of PME mesh activities
--------------------------------------------------------------------------------
 PME spread                1   16     500001      30.839       1428.221  11.8
 PME gather                1   16     500001      29.794       1379.848  11.4
 PME 3D-FFT                1   16    1000002      21.070        975.786   8.1
 PME solve Elec            1   16     500001       1.109         51.359   0.4
--------------------------------------------------------------------------------

               Core t (s)   Wall t (s)        (%)
       Time:     4186.547      261.662     1600.0
                 (ns/day)    (hour/ns)
Performance:      165.099        0.145
Finished mdrun on rank 0 Thu Aug  6 18:47:34 2026

